  id | filename             | line | format string
   1 | main.cc              | 311  | Debug
  10 | main.cc              | 317  | Debug
  17 | main.cc              | 323  | Debug
  30 | main.cc              | 329  | Debug
  33 | main.cc              | 335  | Debug
